C51 COMPILER V9.56.0.0   LIU_SHI                                                           08/22/2022 17:32:03 PAGE 1   


C51 COMPILER V9.56.0.0, COMPILATION OF MODULE LIU_SHI
OBJECT MODULE PLACED IN .\Objects\liu_shi.obj
COMPILER INVOKED BY: d:\Keil_v5\C51\BIN\C51.EXE liu_shi.c OPTIMIZE(8,SPEED) BROWSE DEBUG OBJECTEXTEND PRINT(.\Listings\l
                    -iu_shi.lst) TABS(2) OBJECT(.\Objects\liu_shi.obj)

line level    source

   1          #include "include.h"
   2          int kk()
   3          {
   4   1          static int i = 0;
   5   1        if(key()==1)  //如果K1按键按下
   6   1            {
   7   2               i++; //模式切换
   8   2              if(i>=2)i=0;
   9   2            }
  10   1         return i;
  11   1      }


MODULE INFORMATION:   STATIC OVERLAYABLE
   CODE SIZE        =     38    ----
   CONSTANT SIZE    =   ----    ----
   XDATA SIZE       =   ----    ----
   PDATA SIZE       =   ----    ----
   DATA SIZE        =      2    ----
   IDATA SIZE       =   ----    ----
   BIT SIZE         =   ----    ----
END OF MODULE INFORMATION.


C51 COMPILATION COMPLETE.  0 WARNING(S),  0 ERROR(S)
