C51 COMPILER V9.56.0.0   TIME                                                              08/22/2022 17:35:21 PAGE 1   


C51 COMPILER V9.56.0.0, COMPILATION OF MODULE TIME
OBJECT MODULE PLACED IN .\Objects\time.obj
COMPILER INVOKED BY: d:\Keil_v5\C51\BIN\C51.EXE time.c OPTIMIZE(8,SPEED) BROWSE DEBUG OBJECTEXTEND PRINT(.\Listings\time
                    -.lst) TABS(2) OBJECT(.\Objects\time.obj)

line level    source

   1          #include "include.h"
   2          
   3          //定时器的初始化
   4          void Timer0Init()   //1毫秒@11.0592MHz
   5          {
   6   1        TMOD &= 0xF0;   //设置定时器模式
   7   1        TMOD |= 0x01;   //设置定时器模式
   8   1        TL0 = 0x66;   //设置定时初值
   9   1        TH0 = 0xFC;   //设置定时初值
  10   1        TF0 = 0;    //清除TF0标志
  11   1        TR0 = 1;    //定时器0开始计时，相当于使能
  12   1        ET0 = 1 ;    //T0中断开关
  13   1        EA =  1 ;     //中断总开关
  14   1        PT0 = 0 ;      //中断优先级
  15   1      }
  16            
  17            
  18          /*
  19          1秒钟定时器模板
  20          void Timer0_Rountine() interrupt 1;
  21          {
  22              static int count ;
  23              TL0 = 0x66;   //设置定时初值
  24              TH0 = 0xFC;   //设置定时初值
  25              if(count >= 1000 )
  26              {
  27                count = 0;
  28              }
  29          }
  30          */


MODULE INFORMATION:   STATIC OVERLAYABLE
   CODE SIZE        =     23    ----
   CONSTANT SIZE    =   ----    ----
   XDATA SIZE       =   ----    ----
   PDATA SIZE       =   ----    ----
   DATA SIZE        =   ----    ----
   IDATA SIZE       =   ----    ----
   BIT SIZE         =   ----    ----
END OF MODULE INFORMATION.


C51 COMPILATION COMPLETE.  0 WARNING(S),  0 ERROR(S)
